// Vitest Snapshot v1, https://vitest.dev/guide/snapshot.html

exports[`published tool catalog contract > matches the reviewed description snapshot 1`] = `
{
  "browser_click": "Semantic Playwright Browser Runtime: automates a Playwright-managed browser, separate from the user's real Google Chrome and from computer_* physical mouse/keyboard input. Click exactly one semantic browser target. Raw selectors and JavaScript are not accepted.",
  "browser_close": "Semantic Playwright Browser Runtime: automates a Playwright-managed browser, separate from the user's real Google Chrome and from computer_* physical mouse/keyboard input. Idempotently close the owned browser context and clear in-memory browser state. A later action may lazily restart it.",
  "browser_close_tab": "Semantic Playwright Browser Runtime: automates a Playwright-managed browser, separate from the user's real Google Chrome and from computer_* physical mouse/keyboard input. Close one opaque browser page. No lease required.",
  "browser_console_errors": "Semantic Playwright Browser Runtime: automates a Playwright-managed browser, separate from the user's real Google Chrome and from computer_* physical mouse/keyboard input. Read bounded recent console error/warning evidence with generation/sequence correlation and sanitized runtime source metadata when available. Source-map locations are never invented when deterministic mapping is unavailable. Console payload is never audited.",
  "browser_fill": "Semantic Playwright Browser Runtime: automates a Playwright-managed browser, separate from the user's real Google Chrome and from computer_* physical mouse/keyboard input. Fill exactly one semantic target after credential-field refusal checks. Password, OTP, and payment credential fields are refused.",
  "browser_health": "Semantic Playwright Browser Runtime: automates a Playwright-managed browser, separate from the user's real Google Chrome and from computer_* physical mouse/keyboard input. Report categorical browser readiness without starting the browser or revealing browser content.",
  "browser_navigate": "Semantic Playwright Browser Runtime: automates a Playwright-managed browser, separate from the user's real Google Chrome and from computer_* physical mouse/keyboard input. Navigate one browser page to an HTTP(S) URL. Other URL schemes are refused before Playwright receives them.",
  "browser_network_errors": "Semantic Playwright Browser Runtime: automates a Playwright-managed browser, separate from the user's real Google Chrome and from computer_* physical mouse/keyboard input. Read bounded recent request/HTTP error evidence with generation/sequence, opaque request correlation, resource metadata, and sanitized initiator/URL fields. Query strings, fragments, headers, cookies, and bodies are not exposed.",
  "browser_new_tab": "Semantic Playwright Browser Runtime: automates a Playwright-managed browser, separate from the user's real Google Chrome and from computer_* physical mouse/keyboard input. Create a browser tab and optionally navigate it to an HTTP(S) URL. No lease required.",
  "browser_press_key": "Semantic Playwright Browser Runtime: automates a Playwright-managed browser, separate from the user's real Google Chrome and from computer_* physical mouse/keyboard input. Press one key from the fixed browser key vocabulary after focused credential checks. No lease required.",
  "browser_screenshot": "Semantic Playwright Browser Runtime: automates a Playwright-managed browser, separate from the user's real Google Chrome and from computer_* physical mouse/keyboard input. Capture one browser page as in-memory PNG content plus bounded dimensions. Screenshot bytes are never audited.",
  "browser_select_option": "Semantic Playwright Browser Runtime: automates a Playwright-managed browser, separate from the user's real Google Chrome and from computer_* physical mouse/keyboard input. Select an option on exactly one semantic target. No lease required.",
  "browser_select_tab": "Semantic Playwright Browser Runtime: automates a Playwright-managed browser, separate from the user's real Google Chrome and from computer_* physical mouse/keyboard input. Bring one opaque browser page to the front. No lease required.",
  "browser_snapshot": "Semantic Playwright Browser Runtime: automates a Playwright-managed browser, separate from the user's real Google Chrome and from computer_* physical mouse/keyboard input. Return a bounded AI-oriented ARIA snapshot with current editable values removed. No lease required.",
  "browser_tabs": "Semantic Playwright Browser Runtime: automates a Playwright-managed browser, separate from the user's real Google Chrome and from computer_* physical mouse/keyboard input. List browser tabs using opaque page IDs. No lease required.",
  "browser_wait_for_text": "Semantic Playwright Browser Runtime: automates a Playwright-managed browser, separate from the user's real Google Chrome and from computer_* physical mouse/keyboard input. Wait for visible text with the requested timeout capped by the configured browser timeout.",
  "code_query": "Query current repository code. search: bounded text or regex search (case-insensitive by default) with optional path glob and 0-5 context lines. files: list repository files matching a glob (e.g. src/**/*.ts; a pattern without '/' matches file names at any depth). symbols: lightweight declarations. definition/references/diagnostics: TypeScript semantic operations that fail explicitly with LSP_UNAVAILABLE when unsupported. Results follow .gitignore and skip binary, secret-looking and dependency paths.",
  "computer_click": "Click or double-click exact coordinates or a semantic target. No lease required.",
  "computer_drag": "Drag between coordinate and/or semantic endpoints with deterministic motion. No lease required.",
  "computer_focus_app": "Computer Runtime: physical mouse and keyboard interaction with macOS apps, including the user's real Google Chrome (bundleIdentifier com.google.Chrome); separate from browser_* Playwright automation.  focus one macOS application by bundle identifier (preferred, e.g. com.apple.Safari, com.apple.calculator, com.google.Chrome) or application name. Requires bundleIdentifier or name. Supports timeoutMs up to 60000. No lease required.",
  "computer_health": "Computer Runtime: physical mouse and keyboard interaction with macOS apps, including the user's real Google Chrome (bundleIdentifier com.google.Chrome); separate from browser_* Playwright automation. Report categorical Computer Runtime readiness and passive macOS permission state without an authority lease.",
  "computer_move_mouse": "Move the physical pointer to exact coordinates or a semantic target using deterministic motion. No lease required.",
  "computer_observe": "Return the bounded accessibility/perception observation for the frontmost application. Use perception.recommendedTargeting: ax => prefer semantic AX role/text/index targets, including within-scoped targets; ocr => use bounded OCR fallback with target.by=ocrText; visual-point => obtain a fresh screenshot and make at most one explicit verified point attempt. For off-screen targets inside a deterministic container, use scoped computer_scroll_until_visible rather than repeated raw scroll. Do not repeat an unchanged point or scroll attempt, and do not repeat blind point coordinates after failure; re-observe and replan instead. No lease required.",
  "computer_open_app": "Computer Runtime: physical mouse and keyboard interaction with macOS apps, including the user's real Google Chrome (bundleIdentifier com.google.Chrome); separate from browser_* Playwright automation. Open or focus one macOS application by bundle identifier (preferred, e.g. com.apple.Safari, com.apple.calculator, com.google.Chrome) or application name. Requires bundleIdentifier or name. Supports timeoutMs up to 60000. No lease required.",
  "computer_pointer_position": "Read the current pointer position. No lease required.",
  "computer_press_key": "Press a named key with optional modifiers in the expected frontmost application. Requires bundleIdentifier or name to select the target application. No lease required.",
  "computer_release_inputs": "Idempotently release runtime-held keyboard modifiers, keys, and mouse buttons. No lease required.",
  "computer_resolve_semantic_target": "Computer Runtime: physical mouse and keyboard interaction with macOS apps, including the user's real Google Chrome (bundleIdentifier com.google.Chrome); separate from browser_* Playwright automation. Resolve a natural-language instruction to one element from a fresh accessibility observation using Jev semantic target resolution. Read-only: it never clicks, types, or moves input. On outcome "resolved", pass the returned target directly to computer_click/computer_run/computer_move_mouse. On "unresolved", re-observe, ask the user, or fall back to computer_observe's perception.recommendedTargeting instead of guessing. No lease required, --enable-jev-targeting, and TYPESAFE_API_KEY.",
  "computer_run": "Computer Runtime: physical mouse and keyboard interaction with macOS apps, including the user's real Google Chrome (bundleIdentifier com.google.Chrome); separate from browser_* Playwright automation. Execute a validated typed Computer Runtime action program under one physical-input lane for physical mouse and keyboard actions. Batches 2-10 sequential actions (e.g. click, type, press key) into one call. Set finalObservation: "observe" to receive the updated perception observation immediately after the batch completes.",
  "computer_run_js": "Run bounded owner-trust JavaScript as the current user with normal Node APIs and the low-level computer proxy. No lease required. This execution is not OS-sandboxed.",
  "computer_screenshot": "Capture a bounded selected-display PNG as MCP image content with explicit macOS screen-space bounds and pixel-to-screen scale metadata. Screenshot bytes are not duplicated into structured JSON.",
  "computer_scroll": "Scroll vertically and/or horizontally, optionally at coordinates or a semantic target. No lease required.",
  "computer_scroll_until_visible": "Use only when a deterministic scroll container is known. Bounded semantic scrolling resolves the target inside that container and stops after at most six physical scrolls. Use a fresh observe before deciding how to recover from needs_replan, and never convert failure into repeated blind raw scrolling. No lease required.",
  "computer_type_text": "Type bounded Unicode text into the expected frontmost application. Requires bundleIdentifier or name to select the target application. No lease required.",
  "computer_wait_for_frontmost": "Wait for the selected application to become frontmost. Requires bundleIdentifier or name. No lease required.",
  "computer_wait_for_text": "Wait for bounded accessibility title/description text without reading editable values. No lease required.",
  "computer_wait_until_changed": "Wait until the accessibility digest differs from the supplied baseline. No lease required.",
  "fs_apply_patch": "Apply a unified diff inside the active authority lease scope only if the file's current SHA-256 matches expectedSha256.",
  "fs_apply_patch_set": "Validate and apply 1-100 SHA-256 guarded unified patches as one recoverable multi-file transaction inside the active scope. Normal validation failures leave every destination unchanged.",
  "fs_edit": "Edit an existing UTF-8 file by exact string replacement: oldString must match the current text exactly once (including whitespace), or every occurrence when replaceAll is true. Fails without writing when there is no match or more than one match. Optional expectedSha256 guards against concurrent changes. Returns the new SHA-256.",
  "fs_list": "List one directory inside the active authority lease scope without following directory entries.",
  "fs_mkdir": "Create a directory and missing parents inside the active authority lease scope.",
  "fs_move": "Move a file or directory inside the active authority lease scope. Existing file sources require expectedSha256.",
  "fs_read": "Read a regular file inside the active authority lease scope and return its content plus the SHA-256 of the whole file. Optional offset (1-based line) and limit (line count) return only that line range with range.totalLines, for large files. The hash can guard later fs_edit/fs_write/fs_apply_patch calls.",
  "fs_read_many": "Read 1-20 UTF-8 files in one call, each optionally limited to a 1-based line range (offset/limit). Each entry returns content with the whole-file SHA-256, or an error for that file only. Total returned content is bounded by the single-file read limit.",
  "fs_remove": "Remove a file or directory inside the active authority lease scope. Files require expectedSha256; directories require recursive=true. Allowed roots can never be removed.",
  "fs_stat": "Inspect a path inside the active authority lease scope. Small regular files include a SHA-256 hash for conflict-safe writes.",
  "fs_write": "Create or atomically replace a file inside the active authority lease scope. Replacing an existing file requires expectedSha256 from a prior read/stat.",
  "git_commit": "Create one local Git commit from the existing index with a bounded commit message. Repository hooks and GPG signing are disabled for this operation.",
  "git_create_branch": "Create and switch to one validated local Git branch inside the active authority scope. Arbitrary Git arguments, hooks, and remote changes are not exposed.",
  "git_diff": "Read a git diff or check it for whitespace errors inside the active authority lease scope with external diff/textconv disabled. Set check=true for git diff --check; combine with staged=true for git diff --cached --check. Nonzero exitCode means the check found errors.",
  "git_file_review": "Review one explicit repository-relative file diff without staging or changing the worktree. Deleted files remain reviewable by path.",
  "git_inventory": "Return a complete, categorized Git worktree inventory with cursor pagination. Modified, untracked, deleted, and ignored paths remain distinct; this read does not stage or mutate anything.",
  "git_log": "Read recent git commits inside the active authority lease scope without running repository hooks or interactive prompts.",
  "git_merge_branch": "Merge one validated local branch into the current branch with --no-ff and --no-edit. No arbitrary merge options are accepted.",
  "git_push": "Push only a clean, fresh locally verified non-main branch from the exact active project_resume worktree to the existing credential-free GitHub origin. Requires the resumed Project authority lease; force, remote, refspec, branch, head, and verification overrides are not exposed.",
  "git_stage_paths": "Stage 1-100 explicit file paths inside the selected repository directory after authority-scope validation. Directory-wide and out-of-scope path staging are rejected.",
  "git_status": "Read git status inside the active authority lease scope without running repository hooks or filesystem monitors.",
  "git_switch_branch": "Switch to one validated existing local Git branch inside the active authority scope. No arbitrary checkout arguments are accepted.",
  "git_worktree": "Create, inspect, or remove plugin-owned Git worktrees. Callers never provide managed filesystem paths; dirty or unmanaged worktrees are never removed.",
  "goal_advise": "Decide whether the whole requested job is clearly complete and, while it is not, draft the exact next instruction covering the largest coherent remaining work. OpenCode Go key present: the supplied goal and transcript are sent to the OpenCode Go API for an LLM-backed decision; otherwise rule-based fallback (reason names the path). Manual only: it never posts chat messages and Loop mode does not exist. No lease required.",
  "handoff_prepare": "Build the compact handoff brief for the current work plus the exact replacement opening message. Pass summary to carry it over verbatim (center-trimmed with TASK/NEXT preserved), or omit summary and pass goal/activity/planSteps/decisions for an OpenCode Go drafted brief (llmDrafted true). Without summary and without LLM, the call fails closed: it never invents a brief. Persist with project_checkpoint (brief/planSteps/activity). No lease required.",
  "process_list": "List managed processes visible to the active scope. Hidden or out-of-scope records are omitted.",
  "process_logs": "Read bounded stdout/stderr tails for one manageable process together with its current state and exit code. With cursor, returns only output after it; adding waitMs (up to 30000) waits server-side until new output arrives, the process stops running, or the time elapses. No log files or OS PID access are exposed.",
  "process_start": "Start an allowlisted long-running child process with shell=false inside the active scope. Returns an opaque managed-process ID, never an OS PID.",
  "process_status": "Read one manageable process state by opaque managed-process ID. Optional waitMs (up to 30000) waits server-side until the process stops running or the time elapses, so a long command needs fewer status calls. Unknown and unauthorized IDs return the same error.",
  "process_stop": "Idempotently stop one manageable process. The daemon chooses SIGTERM/grace/SIGKILL internally; callers cannot provide PIDs or signals.",
  "project_check": "Detect repository-defined verification checks, run only detected checks through their declared Project-sandbox or explicitly enabled native-host lane, and report freshness-bound evidence without persisting raw command output.",
  "project_checkpoint": "Update Project Continuity only for important decisions, changed blockers, verified delivery, ownership transfer or final handoff. A risk checkpoint is appropriate before an exceptional irreversible transition where developer MCP capability could disappear between messages. Do not checkpoint automatically for long commands, tool counts, repeated checks or every final response; consolidate unchanged milestones. Delivery 1 is not automatically logged.",
  "project_context_read": "Read only the current semantic continuity record for the exact registered project. Use when project_resume reports truncated current critical context or when the full current semantic record is required. Delivery 1 has no historical-version selector.",
  "project_exec": "Run one allowlisted command inside a fail-closed Docker sandbox scoped to the active scope root. Network is disabled and there is no host-execution fallback.",
  "project_list": "List all registered project aliases with their roots, record versions, and worktree paths. Use first when the user wants to work on a project but the exact alias is unknown. Never fuzzy-match; resume the chosen alias exactly.",
  "project_register": "Register one exact project alias, Project roots, worktree identity, current goal, decisions, and next step for continuity. Registration does not create an authority lease and never fuzzy-matches aliases.",
  "project_resume": "Use when the user asks to continue a registered project by its exact alias in a new or current chat. Never fuzzy-match the alias; when the alias is unknown, call project_list first. After developer MCP capability returns in a new or recovered chat, call project_resume before any project mutation. Revalidates the exact worktree and returns a fresh Project authority lease plus bounded resume context.",
  "session_authority_end": "Revoke an active authority lease immediately. The same leaseId cannot be used again.",
  "session_authority_start": "Start a Project lease for explicit project roots, including project directories outside bootstrap roots. The lease is optional scoping: every tool also works without authorityLeaseId against the bootstrap roots. For a new project: start the exact Project lease, project_register once for continuity, then use project_resume in later chats. Filesystem root and the entire home directory are refused for Project authority.",
  "session_authority_status": "Inspect an active authority lease without changing it.",
  "shell_run": "Run a script with the configured login shell as the current user in the Owner Runtime session. Full host access; not OS-sandboxed.",
  "skills_import": "Import one absolute local Markdown (.md) file into the managed Skills library. Skills add no tools, hooks or permissions. No lease required.",
  "skills_list": "List installed skill metadata (id, name, description). Catalog fields are metadata, not instructions. No lease required.",
  "skills_read": "Read one installed skill's full SKILL.md text by id. Use the text when the skill is requested. No lease required.",
  "skills_remove": "Remove one installed skill and all its package resources. No lease required.",
  "system_capabilities": "Show bootstrap filesystem roots, safety limits, audit path, and startup terminal configuration. Bootstrap roots are defaults only: Project leases may target other explicit project directories outside bootstrap roots, while filesystem root and the entire home directory remain forbidden for Project authority.",
  "system_environment": "Describe the local runtime environment without running terminal commands. Bootstrap roots are defaults only: Project leases may target other explicit project directories outside bootstrap roots. Read-only; exposes no secret values.",
  "task_state": "Persist bounded Project-scoped engineering task state and checkpoints under the dedicated local state subtree. Freshness is bound to repository HEAD and current working-tree content.",
  "terminal_run": "Run an allowlisted executable with shell=false inside the active scope. It runs directly on the host without OS-level isolation.",
  "terminal_session_close": "Idempotently close one manageable Owner Runtime PTY. The daemon chooses process-group termination and escalation internally.",
  "terminal_session_list": "List daemon-owned terminal sessions visible to the active scope. Raw OS process identifiers are never returned.",
  "terminal_session_open": "Open one persistent unrestricted Owner Runtime PTY using the trusted configured login shell. No lease required and does not expose the native PID.",
  "terminal_session_read": "Read bounded in-memory PTY output after an opaque monotonic sequence cursor. PTY content is not persisted to audit.",
  "terminal_session_resize": "Resize one running Owner Runtime PTY. Native terminal identifiers and signals are not caller-controlled.",
  "terminal_session_write": "Write bounded UTF-8 input to one persistent Owner Runtime PTY. This can execute arbitrary terminal activity as the current user.",
  "worker_finish": "Close one worker with its final report as recorded by the prime session: this stores the report, it does not run the task. Retires the worker alias: later checkpoint/push writes from that alias fail closed with WORKER_RETIRED. When every worker of the run is terminal, the run parks as retained history. No lease required.",
  "worker_message": "Queue one bounded message to a worker inbox with a sender direction (prime default, worker for reports). 200-message cap: oldest read drops first, full-unread refuses. A sleeping worker wakes to active. Terminal workers refuse. No lease required.",
  "worker_sleep": "Park one worker as sleeping without losing its task, inbox or alias binding. No lease required.",
  "worker_spawn": "Start one tracked worker run for a prime project alias with 1-8 workers. Workers are coordination records: they store the shared context, each task, inbox messages and the finish report, but they do not execute work, spawn agents or run code. The prime session performs the work and records results with worker_finish. Worker chats are separate project aliases or worktrees; no browser tabs are opened. No lease required.",
  "worker_status": "Read one worker run with the bounded inbox view, states and finish reports. Reading consumes: unread inbox messages are marked read by this call. No lease required.",
}
`;
